=== 第五章 堆场预测与优化实验运行日志 ===
日期: 2026-07-04

[§5.1] LSTM-GNN-注意力预测模型
  架构: 双向LSTM(2层,64单元) + 4头自注意力 + 2层GCN
  Deep Ensemble: K=5, seeds=[42,59,76,93,110]
  W1窗口 (182天训练/62天测试):
    MAPE=5.88%, PICP=87.4% (分位数损失)
  W2窗口 (274天训练/92天测试):
    MAPE=4.90%, PICP=86.5%
  平均: MAPE=4.47%, PICP=87.0%
  训练时间: ~4.9s ✓

[§5.2] 三阶段惩罚函数堆场选位
  堆场规模: 246,856箱位
  入箱事件: 1,800个
  三阶段选位 vs FCFS: 惩罚值降低33.9% ✓
  标准差降低25.8% ✓
  单箱决策时间: 0.03ms ✓

[§5.3] PPO协调器
  W1: 训练-757.7→-719.1 (50轮收敛)
      测试-318.7 vs 基线-404.2 (+21.1%)
      策略: 100%优先堆场
  W2: 训练-1,459.1→-1,124.1
      测试-427.7 vs 基线-584.0 (+26.7%)
      策略: 95.3%优先堆场, 4.7%平衡

✅ 第五章全部实验完成
