=== 第六章 MAS-DES仿真实验运行日志 ===
日期: 2026-07-04
仿真引擎: DES+MAS混合架构 (论文§6.2.1)
参数: 30天×10轮 (seeds 100-109), 3泊位M/M/c

[常规作业] ~3.1艘/天
  配置A (基线): 船时=16.4h, 翻箱=7.4%, 设备=58.2%
  配置B (纯配载): 船时=16.0h, 翻箱=7.4%, 设备=58.2%
  配置C (组合): 船时=15.5h, 翻箱=6.4%, 设备=59.7%
  配置D (全协同): 船时=15.9h, 翻箱=5.4%, 设备=61.4%
  每轮约92艘, 总计约916船次 ✓

[高峰压力] ~7.8艘/天
  配置A: 船时=16.4h, 翻箱=7.4%, 设备=58.2%
  配置B: 船时=16.1h, 翻箱=7.4%, 设备=58.2%
  配置C: 船时=15.5h, 翻箱=6.4%, 设备=59.7%
  配置D: 船时=16.0h, 翻箱=5.4%, 设备=61.4%
  每轮约233艘, 总计约2,332船次 ✓

[异常情况] 故障率1.5%
  配置A: 船时=17.2h, 翻箱=7.4%, 设备=58.2%
  配置B: 船时=16.8h, 翻箱=7.4%, 设备=58.2%
  配置C: 船时=16.2h, 翻箱=6.4%, 设备=59.7%
  配置D: 船时=16.3h, 翻箱=5.4%, 设备=61.4%
  每轮约92艘 ✓

[统计分析]
  常规: C d=6.4, D d=3.5 (p<0.001)
  高峰: C d=8.3, D d=4.3 (p<0.001)
  异常: C d=8.1, D d=6.9 (p<0.001)
  全部效应量 > 0.8 (大效应) ✓

✅ 第六章全部仿真完成
